Script started on Tue Sep  6 07:34:12 2022
        currentBuild.result = 'FAILURE'
      }
    }
    always {
          step([$class: 'Mailer', notifyEveryUnstableBuild: true,recipients: "build-failed@devops.local",sendToIndividuals: true])
          step([$class: 'WsCleanup'])
    }
  }
}root@9b0ea7ca84f7:/home/project/code#         currentBuild.result = 'FAILURE'
bash: currentBuild.result: command not found
root@9b0ea7ca84f7:/home/project/code#       }
bash: syntax error near unexpected token `}'
root@9b0ea7ca84f7:/home/project/code#     }
bash: syntax error near unexpected token `}'
root@9b0ea7ca84f7:/home/project/code#     always {
bash: always: command not found
root@9b0ea7ca84f7:/home/project/code#           step([$class: 'Mailer', notifyEveryUnstableBuild: true,recipients: "build-failed@devops.local",sendTToIndividuals: true])
bash: syntax error near unexpected token `[$class:'
root@9b0ea7ca84f7:/home/project/code#           step([$class: 'WsCleanup'])
bash: syntax error near unexpected token `[$class:'
root@9b0ea7ca84f7:/home/project/code#     }
bash: syntax error near unexpected token `}'
root@9b0ea7ca84f7:/home/project/code#   }
bash: syntax error near unexpected token `}'
root@9b0ea7ca84f7:/home/project/code# }^C
root@9b0ea7ca84f7:/home/project/code#   }  }      step([$class: 'WsCleanup'])Mailer', notifyEveryUnstableBuild: true,recipients: "build-failed@devops.local",sendTToIndividuals: true])^C
root@9b0ea7ca84f7:/home/project/code# docker images
REPOSITORY                     TAG                    IMAGE ID            CREATED             SIZE
localhost:6000/devsecops/app   production             5a569ac11a6f        27 minutes ago      703MB
localhost:6000/devsecops/db    production             fd989cd80269        27 minutes ago      545MB
devsecops/app                  staging                21e0025adf1f        28 minutes ago      703MB
localhost:6000/devsecops/app   staging                21e0025adf1f        28 minutes ago      703MB
localhost:6000/devsecops/db    staging                692a08d235e6        28 minutes ago      545MB
localhost:6000/devsecops/app   <none>                 df48c89dbaf9        44 minutes ago      703MB
localhost:6000/devsecops/db    <none>                 51ac94230553        44 minutes ago      545MB
localhost:6000/devsecops/app   <none>                 9e2260b916c1        About an hour ago   703MB
localhost:6000/devsecops/db    <none>                 87ff38c13279        About an hour ago   545MB
tomcat                         9.0.62                 5e9a4d049871        3 months ago        680MB
ide_ide                        latest                 07256adf14cb        12 months ago       2.46GB
theiaide/theia-python          1.16.0                 7d0a509f0c1f        12 months ago       2.12GB
tomcat                         9-jdk11-openjdk-slim   3f4d34e3b3e7        20 months ago       423MB
mysql                          latest                 d4c3cafb11d5        20 months ago       545MB
waf_nginx                      latest                 a29d402983e7        2 years ago         225MB
nginx                          1.17.9-alpine          377c0837328f        2 years ago         19.7MB
registry                       2                      708bc6af7e5e        2 years ago         25.8MB
root@9b0ea7ca84f7:/home/project/code# docker exec -it 5a569ac11a6f bash
Error: No such container: 5a569ac11a6f
root@9b0ea7ca84f7:/home/project/code# docker ps
CONTAINER ID        IMAGE                                     COMMAND                  CREATED             STATUS              PORTS                               NAMES
90d83d46f5c3        localhost:6000/devsecops/app:production   "catalina.sh run"        22 minutes ago      Up 22 minutes       0.0.0.0:8060->8080/tcp              prodapp
5cddd16e5f2c        localhost:6000/devsecops/db:production    "docker-entrypoint.s…"   27 minutes ago      Up 27 minutes       0.0.0.0:3306->3306/tcp, 33060/tcp   prodmysqldb
859de781fe16        localhost:6000/devsecops/app:staging      "catal
bash: post: command not found
root@9b0ea7ca84f7:/home/project/code#     failure {
bash: failure: command not found
root@9b0ea7ca84f7:/home/project/code#       script {
Script started, file is {
        currentBuild.result = 'FAILURE'
      }
    }
    always {
          step([$class: 'Mailer', notifyEveryUnstableBuild: true,recipients: "build-failed@devops.local",sendToIndividuals: true])
          step([$class: 'WsCleanup'])
    }
  }
}root@9b0ea7ca84f7:/home/project/code#         currentBuild.result = 'FAILURE'
bash: currentBuild.result: command not found
root@9b0ea7ca84f7:/home/project/code#       }
bash: syntax error near unexpected token `}'
root@9b0ea7ca84f7:/home/project/code#     }
bash: syntax error near unexpected token `}'
root@9b0ea7ca84f7:/home/project/code#     always {
bash: always: command not found
root@9b0ea7ca84f7:/home/project/code#           step([$class: 'Mailer', notifyEveryUnstableBuild: true,recipients: "build-failed@devops.local",sendTToIndividuals: true])
bash: syntax error near unexpected token `[$class:'
root@9b0ea7ca84f7:/home/project/code#           step([$class: 'WsCleanup'])
bash: syntax error near unexpected token `[$class:'
root@9b0ea7ca84f7:/home/project/code#     }
bash: syntax error near unexpected token `}'
root@9b0ea7ca84f7:/home/project/code#   }
bash: syntax error near unexpected token `}'
root@9b0ea7ca84f7:/home/project/code# }^C
root@9b0ea7ca84f7:/home/project/code#   }  }      step([$class: 'WsCleanup'])Mailer', notifyEveryUnstableBuild: true,recipients: "build-failed@devops.local",sendTToIndividuals: true])^C
root@9b0ea7ca84f7:/home/project/code# docker images
REPOSITORY                     TAG                    IMAGE ID            CREATED             SIZE
localhost:6000/devsecops/app   production             5a569ac11a6f        27 minutes ago      703MB
localhost:6000/devsecops/db    production             fd989cd80269        27 minutes ago      545MB
devsecops/app                  staging                21e0025adf1f        28 minutes ago      703MB
localhost:6000/devsecops/app   staging                21e0025adf1f        28 minutes ago      703MB
localhost:6000/devsecops/db    staging                692a08d235e6        28 minutes ago      545MB
localhost:6000/devsecops/app   <none>                 df48c89dbaf9        44 minutes ago      703MB
localhost:6000/devsecops/db    <none>                 51ac94230553        44 minutes ago      545MB
localhost:6000/devsecops/app   <none>                 9e2260b916c1        About an hour ago   703MB
localhost:6000/devsecops/db    <none>                 87ff38c13279        About an hour ago   545MB
tomcat                         9.0.62                 5e9a4d049871        3 months ago        680MB
ide_ide                        latest                 07256adf14cb        12 months ago       2.46GB
theiaide/theia-python          1.16.0                 7d0a509f0c1f        12 months ago       2.12GB
tomcat                         9-jdk11-openjdk-slim   3f4d34e3b3e7        20 months ago       423MB
mysql                          latest                 d4c3cafb11d5        20 months ago       545MB
waf_nginx                      latest                 a29d402983e7        2 years ago         225MB
nginx                          1.17.9-alpine          377c0837328f        2 years ago         19.7MB
registry                       2                      708bc6af7e5e        2 years ago         25.8MB
root@9b0ea7ca84f7:/home/project/code# docker exec -it 5a569ac11a6f bash
Error: No such container: 5a569ac11a6f
root@9b0ea7ca84f7:/home/project/code# docker ps
CONTAINER ID        IMAGE                                     COMMAND                  CREATED             STATUS              PORTS                               NAMES
90d83d46f5c3        localhost:6000/devsecops/app:production   "catalina.sh run"        22 minutes ago      Up 22 minutes       0.0.0.0:8060->8080/tcp              prodapp
5cddd16e5f2c        localhost:6000/devsecops/db:production    "docker-entrypoint.s…"   